Copyright 1986-2022 Xilinx, Inc. All Rights Reserved. Copyright 2022-2026 Advanced Micro Devices, Inc. All Rights Reserved.
---------------------------------------------------------------------------------------------------------------------------------------------
| Tool Version : Vivado v.2026.1 (win64) Build 6511674 Tue Jun 16 11:02:23 MDT 2026
| Date         : Thu Sep 24 13:13:25 2026
| Host         : Jihyun running 64-bit major release  (build 9200)
| Command      : report_timing_summary -file sim/reports/infer_top_timing.rpt
| Design       : infer_top
| Device       : 7a35t-cpg236
| Speed File   : -1  PRODUCTION 1.23 2018-06-13
| Design State : Routed
---------------------------------------------------------------------------------------------------------------------------------------------

Timing Summary Report

------------------------------------------------------------------------------------------------
| Timer Settings
| --------------
------------------------------------------------------------------------------------------------

  Enable Multi Corner Analysis               :  Yes
  Enable Pessimism Removal                   :  Yes
  Pessimism Removal Resolution               :  Nearest Common Node
  Enable Input Delay Default Clock           :  No
  Enable Preset / Clear Arcs                 :  No
  Disable Flight Delays                      :  No
  Ignore I/O Paths                           :  No
  Timing Early Launch at Borrowing Latches   :  No
  Borrow Time for Max Delay Exceptions       :  Yes
  Merge Timing Exceptions                    :  Yes
  Inter-SLR Compensation                     :  Conservative

  Corner  Analyze    Analyze    
  Name    Max Paths  Min Paths  
  ------  ---------  ---------  
  Slow    Yes        Yes        
  Fast    Yes        Yes        


------------------------------------------------------------------------------------------------
| Report Methodology
| ------------------
------------------------------------------------------------------------------------------------

No report available as report_methodology has not been run prior. Run report_methodology on the current design for the summary of methodology violations.



check_timing report

Table of Contents
-----------------
1. checking no_clock (0)
2. checking constant_clock (0)
3. checking pulse_width_clock (0)
4. checking unconstrained_internal_endpoints (0)
5. checking no_input_delay (70)
6. checking no_output_delay (2)
7. checking multiple_clock (0)
8. checking generated_clocks (0)
9. checking loops (0)
10. checking partial_input_delay (0)
11. checking partial_output_delay (0)
12. checking latch_loops (0)

1. checking no_clock (0)
------------------------
 There are 0 register/latch pins with no clock.


2. checking constant_clock (0)
------------------------------
 There are 0 register/latch pins with constant_clock.


3. checking pulse_width_clock (0)
---------------------------------
 There are 0 register/latch pins which need pulse_width check


4. checking unconstrained_internal_endpoints (0)
------------------------------------------------
 There are 0 pins that are not constrained for maximum delay.

 There are 0 pins that are not constrained for maximum delay due to constant clock.


5. checking no_input_delay (70)
-------------------------------
 There are 70 input ports with no input delay specified. (HIGH)

 There are 0 input ports with no input delay but user has a false path constraint.


6. checking no_output_delay (2)
-------------------------------
 There are 2 ports with no output delay specified. (HIGH)

 There are 0 ports with no output delay but user has a false path constraint

 There are 0 ports with no output delay but with a timing clock defined on it or propagating through it


7. checking multiple_clock (0)
------------------------------
 There are 0 register/latch pins with multiple clocks.


8. checking generated_clocks (0)
--------------------------------
 There are 0 generated clocks that are not connected to a clock source.


9. checking loops (0)
---------------------
 There are 0 combinational loops in the design.


10. checking partial_input_delay (0)
------------------------------------
 There are 0 input ports with partial input delay specified.


11. checking partial_output_delay (0)
-------------------------------------
 There are 0 ports with partial output delay specified.


12. checking latch_loops (0)
----------------------------
 There are 0 combinational latch loops in the design through latch input



------------------------------------------------------------------------------------------------
| Design Timing Summary
| ---------------------
------------------------------------------------------------------------------------------------

    WNS(ns)      TNS(ns)  TNS Failing Endpoints  TNS Total Endpoints      WHS(ns)      THS(ns)  THS Failing Endpoints  THS Total Endpoints     WPWS(ns)     TPWS(ns)  TPWS Failing Endpoints  TPWS Total Endpoints  
    -------      -------  ---------------------  -------------------      -------      -------  ---------------------  -------------------     --------     --------  ----------------------  --------------------  
     72.127        0.000                      0                  201        0.169        0.000                      0                  201       41.167        0.000                       0                   106  


All user specified timing constraints are met.


------------------------------------------------------------------------------------------------
| Clock Summary
| -------------
------------------------------------------------------------------------------------------------

Clock  Waveform(ns)       Period(ns)      Frequency(MHz)
-----  ------------       ----------      --------------
clk    {0.000 41.666}     83.333          12.000          


------------------------------------------------------------------------------------------------
| Intra Clock Table
| -----------------
------------------------------------------------------------------------------------------------

Clock             WNS(ns)      TNS(ns)  TNS Failing Endpoints  TNS Total Endpoints      WHS(ns)      THS(ns)  THS Failing Endpoints  THS Total Endpoints     WPWS(ns)     TPWS(ns)  TPWS Failing Endpoints  TPWS Total Endpoints  
-----             -------      -------  ---------------------  -------------------      -------      -------  ---------------------  -------------------     --------     --------  ----------------------  --------------------  
clk                72.127        0.000                      0                  201        0.169        0.000                      0                  201       41.167        0.000                       0                   106  


------------------------------------------------------------------------------------------------
| Inter Clock Table
| -----------------
------------------------------------------------------------------------------------------------

From Clock    To Clock          WNS(ns)      TNS(ns)  TNS Failing Endpoints  TNS Total Endpoints      WHS(ns)      THS(ns)  THS Failing Endpoints  THS Total Endpoints  
----------    --------          -------      -------  ---------------------  -------------------      -------      -------  ---------------------  -------------------  


------------------------------------------------------------------------------------------------
| Other Path Groups Table
| -----------------------
------------------------------------------------------------------------------------------------

Path Group    From Clock    To Clock          WNS(ns)      TNS(ns)  TNS Failing Endpoints  TNS Total Endpoints      WHS(ns)      THS(ns)  THS Failing Endpoints  THS Total Endpoints  
----------    ----------    --------          -------      -------  ---------------------  -------------------      -------      -------  ---------------------  -------------------  


------------------------------------------------------------------------------------------------
| Timing Details
| --------------
------------------------------------------------------------------------------------------------


---------------------------------------------------------------------------------------------------
From Clock:  clk
  To Clock:  clk

Setup :            0  Failing Endpoints,  Worst Slack       72.127ns,  Total Violation        0.000ns
Hold  :            0  Failing Endpoints,  Worst Slack        0.169ns,  Total Violation        0.000ns
PW    :            0  Failing Endpoints,  Worst Slack       41.167ns,  Total Violation        0.000ns
---------------------------------------------------------------------------------------------------


Max Delay Paths
--------------------------------------------------------------------------------------
Slack (MET) :             72.127ns  (required time - arrival time)
  Source:                 u_imu/lp_v_reg[1]/C
                            (rising edge-triggered cell FDRE clocked by clk  {rise@0.000ns fall@41.667ns period=83.333ns})
  Destination:            u_imu/cnt_reg[0]/R
                            (rising edge-triggered cell FDRE clocked by clk  {rise@0.000ns fall@41.667ns period=83.333ns})
  Path Group:             clk
  Path Type:              Setup (Max at Slow Process Corner)
  Requirement:            83.333ns  (clk rise@83.333ns - clk rise@0.000ns)
  Data Path Delay:        10.693ns  (logic 4.477ns (41.870%)  route 6.216ns (58.130%))
  Logic Levels:           11  (CARRY4=5 LUT2=2 LUT4=1 LUT5=2 LUT6=1)
  Clock Path Skew:        -0.049ns (DCD - SCD + CPR)
    Destination Clock Delay (DCD):    0.924ns = ( 84.257 - 83.333 ) 
    Source Clock Delay      (SCD):    0.973ns
    Clock Pessimism Removal (CPR):    0.000ns
  Clock Uncertainty:      0.035ns  ((TSJ^2 + TIJ^2)^1/2 + DJ) / 2 + PE
    Total System Jitter     (TSJ):    0.071ns
    Total Input Jitter      (TIJ):    0.000ns
    Discrete Jitter          (DJ):    0.000ns
    Phase Error              (PE):    0.000ns

    Location             Delay type                Incr(ns)  Path(ns)    Netlist Resource(s)
  -------------------------------------------------------------------    -------------------
                         (clock clk rise edge)        0.000     0.000 r  <hidden>
                                                      0.000     0.000 r  clk
                         net (fo=105, unset)          0.973     0.973    u_imu/clk
    SLICE_X4Y58          FDRE                                         r  u_imu/lp_v_reg[1]/C
  -------------------------------------------------------------------    -------------------
    SLICE_X4Y58          FDRE (Prop_fdre_C_Q)         0.456     1.429 r  u_imu/lp_v_reg[1]/Q
                         net (fo=4, routed)           0.456     1.885    u_imu/lp_v_reg[1]
    SLICE_X5Y58          LUT2 (Prop_lut2_I1_O)        0.124     2.009 r  u_imu/d_v_carry_i_3/O
                         net (fo=1, routed)           0.000     2.009    u_imu/d_v_carry_i_3_n_0
    SLICE_X5Y58          CARRY4 (Prop_carry4_S[1]_CO[3])
                                                      0.550     2.559 r  u_imu/d_v_carry/CO[3]
                         net (fo=1, routed)           0.000     2.559    u_imu/d_v_carry_n_0
    SLICE_X5Y59          CARRY4 (Prop_carry4_CI_O[0])
                                                      0.222     2.781 r  u_imu/d_v_carry__0/O[0]
                         net (fo=3, routed)           0.599     3.380    u_imu/d_v_carry__0_n_7
    SLICE_X3Y59          LUT2 (Prop_lut2_I1_O)        0.299     3.679 r  u_imu/lp_v_w_carry_i_3/O
                         net (fo=1, routed)           0.000     3.679    u_imu/lp_v_w_carry_i_3_n_0
    SLICE_X3Y59          CARRY4 (Prop_carry4_S[1]_O[3])
                                                      0.640     4.319 r  u_imu/lp_v_w_carry/O[3]
                         net (fo=4, routed)           1.130     5.449    u_imu/lp_v_n[3]
    SLICE_X5Y63          LUT4 (Prop_lut4_I2_O)        0.332     5.781 f  u_imu/tilt_n0_carry_i_17/O
                         net (fo=3, routed)           0.809     6.590    u_imu/tilt_n0_carry_i_17_n_0
    SLICE_X4Y64          LUT5 (Prop_lut5_I2_O)        0.354     6.944 r  u_imu/tilt_n0_carry_i_11/O
                         net (fo=6, routed)           1.014     7.958    u_imu/tilt_n0_carry_i_11_n_0
    SLICE_X7Y62          LUT6 (Prop_lut6_I0_O)        0.326     8.284 r  u_imu/tilt_n0_carry_i_4/O
                         net (fo=1, routed)           0.733     9.017    u_imu/tilt_n0_carry_i_4_n_0
    SLICE_X4Y62          CARRY4 (Prop_carry4_DI[0]_CO[3])
                                                      0.633     9.650 r  u_imu/tilt_n0_carry/CO[3]
                         net (fo=1, routed)           0.000     9.650    u_imu/tilt_n0_carry_n_0
    SLICE_X4Y63          CARRY4 (Prop_carry4_CI_CO[2])
                                                      0.228     9.878 f  u_imu/tilt_n0_carry__0/CO[2]
                         net (fo=5, routed)           0.964    10.842    u_imu/tilt_n0__6
    SLICE_X2Y65          LUT5 (Prop_lut5_I3_O)        0.313    11.155 r  u_imu/cnt[9]_i_1/O
                         net (fo=7, routed)           0.510    11.666    u_imu/cnt[9]_i_1_n_0
    SLICE_X0Y65          FDRE                                         r  u_imu/cnt_reg[0]/R
  -------------------------------------------------------------------    -------------------

                         (clock clk rise edge)       83.333    83.333 r  <hidden>
                                                      0.000    83.333 r  clk
                         net (fo=105, unset)          0.924    84.257    u_imu/clk
    SLICE_X0Y65          FDRE                                         r  u_imu/cnt_reg[0]/C
                         clock pessimism              0.000    84.257    <hidden>
                         clock uncertainty           -0.035    84.222    <hidden>
    SLICE_X0Y65          FDRE (Setup_fdre_C_R)       -0.429    83.793    u_imu/cnt_reg[0]
  -------------------------------------------------------------------
                         required time                         83.793    <hidden>
                         arrival time                         -11.666    <hidden>
  -------------------------------------------------------------------
                         slack                                 72.127    <hidden>





Min Delay Paths
--------------------------------------------------------------------------------------
Slack (MET) :             0.169ns  (arrival time - required time)
  Source:                 sus_d_reg/C
                            (rising edge-triggered cell FDRE clocked by clk  {rise@0.000ns fall@41.667ns period=83.333ns})
  Destination:            alert_reg/D
                            (rising edge-triggered cell FDRE clocked by clk  {rise@0.000ns fall@41.667ns period=83.333ns})
  Path Group:             clk
  Path Type:              Hold (Min at Fast Process Corner)
  Requirement:            0.000ns  (clk rise@0.000ns - clk rise@0.000ns)
  Data Path Delay:        0.281ns  (logic 0.227ns (80.665%)  route 0.054ns (19.335%))
  Logic Levels:           1  (LUT4=1)
  Clock Path Skew:        0.022ns (DCD - SCD - CPR)
    Destination Clock Delay (DCD):    0.432ns
    Source Clock Delay      (SCD):    0.410ns
    Clock Pessimism Removal (CPR):    -0.000ns

    Location             Delay type                Incr(ns)  Path(ns)    Netlist Resource(s)
  -------------------------------------------------------------------    -------------------
                         (clock clk rise edge)        0.000     0.000 r  <hidden>
                                                      0.000     0.000 r  clk
                         net (fo=105, unset)          0.410     0.410    clk
    SLICE_X9Y55          FDRE                                         r  sus_d_reg/C
  -------------------------------------------------------------------    -------------------
    SLICE_X9Y55          FDRE (Prop_fdre_C_Q)         0.128     0.538 f  sus_d_reg/Q
                         net (fo=1, routed)           0.054     0.593    u_cls/sus_d
    SLICE_X9Y55          LUT4 (Prop_lut4_I3_O)        0.099     0.692 r  u_cls/alert_i_2/O
                         net (fo=1, routed)           0.000     0.692    u_cls_n_2
    SLICE_X9Y55          FDRE                                         r  alert_reg/D
  -------------------------------------------------------------------    -------------------

                         (clock clk rise edge)        0.000     0.000 r  <hidden>
                                                      0.000     0.000 r  clk
                         net (fo=105, unset)          0.432     0.432    clk
    SLICE_X9Y55          FDRE                                         r  alert_reg/C
                         clock pessimism              0.000     0.432    <hidden>
    SLICE_X9Y55          FDRE (Hold_fdre_C_D)         0.091     0.523    alert_reg
  -------------------------------------------------------------------
                         required time                         -0.523    <hidden>
                         arrival time                           0.692    <hidden>
  -------------------------------------------------------------------
                         slack                                  0.169    <hidden>





Pulse Width Checks
--------------------------------------------------------------------------------------
Clock Name:         clk
Waveform(ns):       { 0.000 41.667 }
Period(ns):         83.333
Sources:            { clk }

Check Type        Corner  Lib Pin      Reference Pin  Required(ns)  Actual(ns)  Slack(ns)  Location     Pin
Min Period        n/a     DSP48E1/CLK  n/a            3.884         83.333      79.449     DSP48_X0Y20  u_cls/prod_l/CLK
Low Pulse Width   Slow    FDRE/C       n/a            0.500         41.667      41.167     SLICE_X9Y55  alert_reg/C
High Pulse Width  Slow    FDRE/C       n/a            0.500         41.666      41.167     SLICE_X9Y55  alert_reg/C



