Copyright 1986-2022 Xilinx, Inc. All Rights Reserved. Copyright 2022-2026 Advanced Micro Devices, Inc. All Rights Reserved.
---------------------------------------------------------------------------------------------------------------------------------------------
| Tool Version : Vivado v.2026.1 (win64) Build 6511674 Tue Jun 16 11:02:23 MDT 2026
| Date         : Tue Sep 22 12:21:15 2026
| Host         : Jihyun running 64-bit major release  (build 9200)
| Command      : report_timing_summary -file sim/reports/rr_frontend_timing.rpt
| Design       : rr_frontend
| Device       : 7a35t-cpg236
| Speed File   : -1  PRODUCTION 1.23 2018-06-13
| Design State : Routed
---------------------------------------------------------------------------------------------------------------------------------------------

Timing Summary Report

------------------------------------------------------------------------------------------------
| Timer Settings
| --------------
------------------------------------------------------------------------------------------------

  Enable Multi Corner Analysis               :  Yes
  Enable Pessimism Removal                   :  Yes
  Pessimism Removal Resolution               :  Nearest Common Node
  Enable Input Delay Default Clock           :  No
  Enable Preset / Clear Arcs                 :  No
  Disable Flight Delays                      :  No
  Ignore I/O Paths                           :  No
  Timing Early Launch at Borrowing Latches   :  No
  Borrow Time for Max Delay Exceptions       :  Yes
  Merge Timing Exceptions                    :  Yes
  Inter-SLR Compensation                     :  Conservative

  Corner  Analyze    Analyze    
  Name    Max Paths  Min Paths  
  ------  ---------  ---------  
  Slow    Yes        Yes        
  Fast    Yes        Yes        


------------------------------------------------------------------------------------------------
| Report Methodology
| ------------------
------------------------------------------------------------------------------------------------

No report available as report_methodology has not been run prior. Run report_methodology on the current design for the summary of methodology violations.



check_timing report

Table of Contents
-----------------
1. checking no_clock (0)
2. checking constant_clock (0)
3. checking pulse_width_clock (0)
4. checking unconstrained_internal_endpoints (0)
5. checking no_input_delay (14)
6. checking no_output_delay (201)
7. checking multiple_clock (0)
8. checking generated_clocks (0)
9. checking loops (0)
10. checking partial_input_delay (0)
11. checking partial_output_delay (0)
12. checking latch_loops (0)

1. checking no_clock (0)
------------------------
 There are 0 register/latch pins with no clock.


2. checking constant_clock (0)
------------------------------
 There are 0 register/latch pins with constant_clock.


3. checking pulse_width_clock (0)
---------------------------------
 There are 0 register/latch pins which need pulse_width check


4. checking unconstrained_internal_endpoints (0)
------------------------------------------------
 There are 0 pins that are not constrained for maximum delay.

 There are 0 pins that are not constrained for maximum delay due to constant clock.


5. checking no_input_delay (14)
-------------------------------
 There are 14 input ports with no input delay specified. (HIGH)

 There are 0 input ports with no input delay but user has a false path constraint.


6. checking no_output_delay (201)
---------------------------------
 There are 201 ports with no output delay specified. (HIGH)

 There are 0 ports with no output delay but user has a false path constraint

 There are 0 ports with no output delay but with a timing clock defined on it or propagating through it


7. checking multiple_clock (0)
------------------------------
 There are 0 register/latch pins with multiple clocks.


8. checking generated_clocks (0)
--------------------------------
 There are 0 generated clocks that are not connected to a clock source.


9. checking loops (0)
---------------------
 There are 0 combinational loops in the design.


10. checking partial_input_delay (0)
------------------------------------
 There are 0 input ports with partial input delay specified.


11. checking partial_output_delay (0)
-------------------------------------
 There are 0 ports with partial output delay specified.


12. checking latch_loops (0)
----------------------------
 There are 0 combinational latch loops in the design through latch input



------------------------------------------------------------------------------------------------
| Design Timing Summary
| ---------------------
------------------------------------------------------------------------------------------------

    WNS(ns)      TNS(ns)  TNS Failing Endpoints  TNS Total Endpoints      WHS(ns)      THS(ns)  THS Failing Endpoints  THS Total Endpoints     WPWS(ns)     TPWS(ns)  TPWS Failing Endpoints  TPWS Total Endpoints  
    -------      -------  ---------------------  -------------------      -------      -------  ---------------------  -------------------     --------     --------  ----------------------  --------------------  
     67.709        0.000                      0                 1875        0.067        0.000                      0                 1875       40.687        0.000                       0                   914  


All user specified timing constraints are met.


------------------------------------------------------------------------------------------------
| Clock Summary
| -------------
------------------------------------------------------------------------------------------------

Clock  Waveform(ns)       Period(ns)      Frequency(MHz)
-----  ------------       ----------      --------------
clk    {0.000 41.666}     83.333          12.000          


------------------------------------------------------------------------------------------------
| Intra Clock Table
| -----------------
------------------------------------------------------------------------------------------------

Clock             WNS(ns)      TNS(ns)  TNS Failing Endpoints  TNS Total Endpoints      WHS(ns)      THS(ns)  THS Failing Endpoints  THS Total Endpoints     WPWS(ns)     TPWS(ns)  TPWS Failing Endpoints  TPWS Total Endpoints  
-----             -------      -------  ---------------------  -------------------      -------      -------  ---------------------  -------------------     --------     --------  ----------------------  --------------------  
clk                67.709        0.000                      0                 1875        0.067        0.000                      0                 1875       40.687        0.000                       0                   914  


------------------------------------------------------------------------------------------------
| Inter Clock Table
| -----------------
------------------------------------------------------------------------------------------------

From Clock    To Clock          WNS(ns)      TNS(ns)  TNS Failing Endpoints  TNS Total Endpoints      WHS(ns)      THS(ns)  THS Failing Endpoints  THS Total Endpoints  
----------    --------          -------      -------  ---------------------  -------------------      -------      -------  ---------------------  -------------------  


------------------------------------------------------------------------------------------------
| Other Path Groups Table
| -----------------------
------------------------------------------------------------------------------------------------

Path Group    From Clock    To Clock          WNS(ns)      TNS(ns)  TNS Failing Endpoints  TNS Total Endpoints      WHS(ns)      THS(ns)  THS Failing Endpoints  THS Total Endpoints  
----------    ----------    --------          -------      -------  ---------------------  -------------------      -------      -------  ---------------------  -------------------  


------------------------------------------------------------------------------------------------
| Timing Details
| --------------
------------------------------------------------------------------------------------------------


---------------------------------------------------------------------------------------------------
From Clock:  clk
  To Clock:  clk

Setup :            0  Failing Endpoints,  Worst Slack       67.709ns,  Total Violation        0.000ns
Hold  :            0  Failing Endpoints,  Worst Slack        0.067ns,  Total Violation        0.000ns
PW    :            0  Failing Endpoints,  Worst Slack       40.687ns,  Total Violation        0.000ns
---------------------------------------------------------------------------------------------------


Max Delay Paths
--------------------------------------------------------------------------------------
Slack (MET) :             67.709ns  (required time - arrival time)
  Source:                 u_pk/cand_min_reg[7]/C
                            (rising edge-triggered cell FDRE clocked by clk  {rise@0.000ns fall@41.667ns period=83.333ns})
  Destination:            u_pk/cand_age_reg[0]/CE
                            (rising edge-triggered cell FDRE clocked by clk  {rise@0.000ns fall@41.667ns period=83.333ns})
  Path Group:             clk
  Path Type:              Setup (Max at Slow Process Corner)
  Requirement:            83.333ns  (clk rise@83.333ns - clk rise@0.000ns)
  Data Path Delay:        15.128ns  (logic 6.574ns (43.455%)  route 8.554ns (56.545%))
  Logic Levels:           18  (CARRY4=10 LUT2=1 LUT3=1 LUT4=5 LUT6=1)
  Clock Path Skew:        -0.049ns (DCD - SCD + CPR)
    Destination Clock Delay (DCD):    0.924ns = ( 84.257 - 83.333 ) 
    Source Clock Delay      (SCD):    0.973ns
    Clock Pessimism Removal (CPR):    0.000ns
  Clock Uncertainty:      0.035ns  ((TSJ^2 + TIJ^2)^1/2 + DJ) / 2 + PE
    Total System Jitter     (TSJ):    0.071ns
    Total Input Jitter      (TIJ):    0.000ns
    Discrete Jitter          (DJ):    0.000ns
    Phase Error              (PE):    0.000ns

    Location             Delay type                Incr(ns)  Path(ns)    Netlist Resource(s)
  -------------------------------------------------------------------    -------------------
                         (clock clk rise edge)        0.000     0.000 r  <hidden>
                                                      0.000     0.000 r  clk
                         net (fo=913, unset)          0.973     0.973    u_pk/clk
    SLICE_X7Y79          FDRE                                         r  u_pk/cand_min_reg[7]/C
  -------------------------------------------------------------------    -------------------
    SLICE_X7Y79          FDRE (Prop_fdre_C_Q)         0.456     1.429 r  u_pk/cand_min_reg[7]/Q
                         net (fo=4, routed)           1.266     2.695    u_pk/cand_min_reg_n_0_[7]
    SLICE_X3Y78          LUT4 (Prop_lut4_I0_O)        0.124     2.819 r  u_pk/min_now1_carry_i_5/O
                         net (fo=1, routed)           0.000     2.819    u_pk/min_now1_carry_i_5_n_0
    SLICE_X3Y78          CARRY4 (Prop_carry4_S[3]_CO[3])
                                                      0.401     3.220 r  u_pk/min_now1_carry/CO[3]
                         net (fo=1, routed)           0.000     3.220    u_pk/min_now1_carry_n_0
    SLICE_X3Y79          CARRY4 (Prop_carry4_CI_CO[1])
                                                      0.157     3.377 r  u_pk/min_now1_carry__0/CO[1]
                         net (fo=15, routed)          0.910     4.287    u_pk/min_now1__5
    SLICE_X1Y79          LUT3 (Prop_lut3_I1_O)        0.329     4.616 r  u_pk/drop_lhs0_carry_i_1/O
                         net (fo=1, routed)           0.488     5.103    u_pk/drop_lhs0_carry_i_1_n_0
    SLICE_X2Y79          CARRY4 (Prop_carry4_CYINIT_CO[3])
                                                      0.595     5.698 r  u_pk/drop_lhs0_carry/CO[3]
                         net (fo=1, routed)           0.000     5.698    u_pk/drop_lhs0_carry_n_0
    SLICE_X2Y80          CARRY4 (Prop_carry4_CI_O[0])
                                                      0.219     5.917 r  u_pk/drop_lhs0_carry__0/O[0]
                         net (fo=1, routed)           0.467     6.384    u_pk/drop_lhs0_carry__0_n_7
    SLICE_X4Y80          LUT2 (Prop_lut2_I1_O)        0.295     6.679 r  u_pk/drop_lhs0__21_carry__0_i_3/O
                         net (fo=1, routed)           0.000     6.679    u_pk/drop_lhs0__21_carry__0_i_3_n_0
    SLICE_X4Y80          CARRY4 (Prop_carry4_S[1]_CO[3])
                                                      0.550     7.229 r  u_pk/drop_lhs0__21_carry__0/CO[3]
                         net (fo=1, routed)           0.000     7.229    u_pk/drop_lhs0__21_carry__0_n_0
    SLICE_X4Y81          CARRY4 (Prop_carry4_CI_O[1])
                                                      0.334     7.563 r  u_pk/drop_lhs0__21_carry__1/O[1]
                         net (fo=2, routed)           0.590     8.154    u_pk/drop_lhs[10]
    SLICE_X6Y81          LUT4 (Prop_lut4_I3_O)        0.303     8.457 r  u_pk/dropped0_carry__0_i_5/O
                         net (fo=1, routed)           0.000     8.457    u_pk/dropped0_carry__0_i_5_n_0
    SLICE_X6Y81          CARRY4 (Prop_carry4_S[1]_CO[2])
                                                      0.574     9.031 r  u_pk/dropped0_carry__0/CO[2]
                         net (fo=38, routed)          1.541    10.572    u_pk/dropped0__6
    SLICE_X3Y86          LUT4 (Prop_lut4_I1_O)        0.338    10.910 r  u_pk/thr_rhs_carry__1_i_1/O
                         net (fo=1, routed)           0.484    11.395    u_pk/thr_rhs_carry__1_i_1_n_0
    SLICE_X4Y85          CARRY4 (Prop_carry4_DI[3]_CO[3])
                                                      0.587    11.982 r  u_pk/thr_rhs_carry__1/CO[3]
                         net (fo=1, routed)           0.000    11.982    u_pk/thr_rhs_carry__1_n_0
    SLICE_X4Y86          CARRY4 (Prop_carry4_CI_O[1])
                                                      0.334    12.316 r  u_pk/thr_rhs_carry__2/O[1]
                         net (fo=2, routed)           0.571    12.887    u_pk/thr_rhs__39[13]
    SLICE_X7Y86          LUT4 (Prop_lut4_I1_O)        0.303    13.190 r  u_pk/cand_ok2_carry__0_i_6/O
                         net (fo=1, routed)           0.000    13.190    u_pk/cand_ok2_carry__0_i_6_n_0
    SLICE_X7Y86          CARRY4 (Prop_carry4_S[2]_CO[3])
                                                      0.398    13.588 r  u_pk/cand_ok2_carry__0/CO[3]
                         net (fo=2, routed)           0.814    14.402    u_pk/cand_ok2__8
    SLICE_X7Y81          LUT6 (Prop_lut6_I0_O)        0.124    14.526 r  u_pk/cand_v[11]_i_2/O
                         net (fo=6, routed)           0.771    15.297    u_pk/cand_v[11]_i_2_n_0
    SLICE_X6Y78          LUT4 (Prop_lut4_I1_O)        0.153    15.450 r  u_pk/cand_age[4]_i_1/O
                         net (fo=5, routed)           0.651    16.101    u_pk/cand_age[4]_i_1_n_0
    SLICE_X1Y78          FDRE                                         r  u_pk/cand_age_reg[0]/CE
  -------------------------------------------------------------------    -------------------

                         (clock clk rise edge)       83.333    83.333 r  <hidden>
                                                      0.000    83.333 r  clk
                         net (fo=913, unset)          0.924    84.257    u_pk/clk
    SLICE_X1Y78          FDRE                                         r  u_pk/cand_age_reg[0]/C
                         clock pessimism              0.000    84.257    <hidden>
                         clock uncertainty           -0.035    84.222    <hidden>
    SLICE_X1Y78          FDRE (Setup_fdre_C_CE)      -0.412    83.810    u_pk/cand_age_reg[0]
  -------------------------------------------------------------------
                         required time                         83.810    <hidden>
                         arrival time                         -16.101    <hidden>
  -------------------------------------------------------------------
                         slack                                 67.709    <hidden>





Min Delay Paths
--------------------------------------------------------------------------------------
Slack (MET) :             0.067ns  (arrival time - required time)
  Source:                 u_acc/h_d2_reg[5][21]/C
                            (rising edge-triggered cell FDRE clocked by clk  {rise@0.000ns fall@41.667ns period=83.333ns})
  Destination:            u_acc/h_d2_reg[9][21]_srl4___u_acc_h_n_reg_r_2/D
                            (rising edge-triggered cell SRL16E clocked by clk  {rise@0.000ns fall@41.667ns period=83.333ns})
  Path Group:             clk
  Path Type:              Hold (Min at Fast Process Corner)
  Requirement:            0.000ns  (clk rise@0.000ns - clk rise@0.000ns)
  Data Path Delay:        0.272ns  (logic 0.141ns (51.887%)  route 0.131ns (48.113%))
  Logic Levels:           0  
  Clock Path Skew:        0.022ns (DCD - SCD - CPR)
    Destination Clock Delay (DCD):    0.432ns
    Source Clock Delay      (SCD):    0.410ns
    Clock Pessimism Removal (CPR):    -0.000ns

    Location             Delay type                Incr(ns)  Path(ns)    Netlist Resource(s)
  -------------------------------------------------------------------    -------------------
                         (clock clk rise edge)        0.000     0.000 r  <hidden>
                                                      0.000     0.000 r  clk
                         net (fo=913, unset)          0.410     0.410    u_acc/clk
    SLICE_X4Y64          FDRE                                         r  u_acc/h_d2_reg[5][21]/C
  -------------------------------------------------------------------    -------------------
    SLICE_X4Y64          FDRE (Prop_fdre_C_Q)         0.141     0.551 r  u_acc/h_d2_reg[5][21]/Q
                         net (fo=3, routed)           0.131     0.682    u_acc/h_d2_reg[5]_4[21]
    SLICE_X2Y64          SRL16E                                       r  u_acc/h_d2_reg[9][21]_srl4___u_acc_h_n_reg_r_2/D
  -------------------------------------------------------------------    -------------------

                         (clock clk rise edge)        0.000     0.000 r  <hidden>
                                                      0.000     0.000 r  clk
                         net (fo=913, unset)          0.432     0.432    u_acc/clk
    SLICE_X2Y64          SRL16E                                       r  u_acc/h_d2_reg[9][21]_srl4___u_acc_h_n_reg_r_2/CLK
                         clock pessimism              0.000     0.432    <hidden>
    SLICE_X2Y64          SRL16E (Hold_srl16e_CLK_D)
                                                      0.183     0.615    u_acc/h_d2_reg[9][21]_srl4___u_acc_h_n_reg_r_2
  -------------------------------------------------------------------
                         required time                         -0.615    <hidden>
                         arrival time                           0.682    <hidden>
  -------------------------------------------------------------------
                         slack                                  0.067    <hidden>





Pulse Width Checks
--------------------------------------------------------------------------------------
Clock Name:         clk
Waveform(ns):       { 0.000 41.667 }
Period(ns):         83.333
Sources:            { clk }

Check Type        Corner  Lib Pin      Reference Pin  Required(ns)  Actual(ns)  Slack(ns)  Location      Pin
Min Period        n/a     DSP48E1/CLK  n/a            3.884         83.333      79.449     DSP48_X0Y28   u_acc/sum_rr2_reg/CLK
Low Pulse Width   Slow    SRL16E/CLK   n/a            0.980         41.667      40.687     SLICE_X10Y57  u_acc/h_d2_reg[3][0]_srl4___u_acc_h_n_reg_r_2/CLK
High Pulse Width  Slow    SRL16E/CLK   n/a            0.980         41.666      40.687     SLICE_X10Y57  u_acc/h_d2_reg[3][0]_srl4___u_acc_h_n_reg_r_2/CLK



